Archive member included to satisfy reference by file (symbol)

c:/program files/microchip/xc8/v2.31/avr/bin/../lib/gcc/avr/5.4.0/../../../../avr/lib/avr5/memx-const\libm.a(addsf3.o)
                              APP/PWM_Drawer.o (__subsf3)
c:/program files/microchip/xc8/v2.31/avr/bin/../lib/gcc/avr/5.4.0/../../../../avr/lib/avr5/memx-const\libm.a(addsf3x.o)
                              c:/program files/microchip/xc8/v2.31/avr/bin/../lib/gcc/avr/5.4.0/../../../../avr/lib/avr5/memx-const\libm.a(addsf3.o) (__addsf3x)
c:/program files/microchip/xc8/v2.31/avr/bin/../lib/gcc/avr/5.4.0/../../../../avr/lib/avr5/memx-const\libm.a(divsf3.o)
                              APP/PWM_Drawer.o (__divsf3)
c:/program files/microchip/xc8/v2.31/avr/bin/../lib/gcc/avr/5.4.0/../../../../avr/lib/avr5/memx-const\libm.a(divsf3x.o)
                              c:/program files/microchip/xc8/v2.31/avr/bin/../lib/gcc/avr/5.4.0/../../../../avr/lib/avr5/memx-const\libm.a(divsf3.o) (__divsf3x)
c:/program files/microchip/xc8/v2.31/avr/bin/../lib/gcc/avr/5.4.0/../../../../avr/lib/avr5/memx-const\libm.a(fixunssfsi.o)
                              APP/PWM_Drawer.o (__fixunssfsi)
c:/program files/microchip/xc8/v2.31/avr/bin/../lib/gcc/avr/5.4.0/../../../../avr/lib/avr5/memx-const\libm.a(floatsisf.o)
                              HAL/GLCD/static/GLCD.o (__floatunsisf)
c:/program files/microchip/xc8/v2.31/avr/bin/../lib/gcc/avr/5.4.0/../../../../avr/lib/avr5/memx-const\libm.a(fp_inf.o)
                              c:/program files/microchip/xc8/v2.31/avr/bin/../lib/gcc/avr/5.4.0/../../../../avr/lib/avr5/memx-const\libm.a(addsf3x.o) (__fp_inf)
c:/program files/microchip/xc8/v2.31/avr/bin/../lib/gcc/avr/5.4.0/../../../../avr/lib/avr5/memx-const\libm.a(fp_nan.o)
                              c:/program files/microchip/xc8/v2.31/avr/bin/../lib/gcc/avr/5.4.0/../../../../avr/lib/avr5/memx-const\libm.a(addsf3x.o) (__fp_nan)
c:/program files/microchip/xc8/v2.31/avr/bin/../lib/gcc/avr/5.4.0/../../../../avr/lib/avr5/memx-const\libm.a(fp_pscA.o)
                              c:/program files/microchip/xc8/v2.31/avr/bin/../lib/gcc/avr/5.4.0/../../../../avr/lib/avr5/memx-const\libm.a(addsf3x.o) (__fp_pscA)
c:/program files/microchip/xc8/v2.31/avr/bin/../lib/gcc/avr/5.4.0/../../../../avr/lib/avr5/memx-const\libm.a(fp_pscB.o)
                              c:/program files/microchip/xc8/v2.31/avr/bin/../lib/gcc/avr/5.4.0/../../../../avr/lib/avr5/memx-const\libm.a(addsf3x.o) (__fp_pscB)
c:/program files/microchip/xc8/v2.31/avr/bin/../lib/gcc/avr/5.4.0/../../../../avr/lib/avr5/memx-const\libm.a(fp_round.o)
                              c:/program files/microchip/xc8/v2.31/avr/bin/../lib/gcc/avr/5.4.0/../../../../avr/lib/avr5/memx-const\libm.a(addsf3.o) (__fp_round)
c:/program files/microchip/xc8/v2.31/avr/bin/../lib/gcc/avr/5.4.0/../../../../avr/lib/avr5/memx-const\libm.a(fp_split3.o)
                              c:/program files/microchip/xc8/v2.31/avr/bin/../lib/gcc/avr/5.4.0/../../../../avr/lib/avr5/memx-const\libm.a(addsf3x.o) (__fp_split3)
c:/program files/microchip/xc8/v2.31/avr/bin/../lib/gcc/avr/5.4.0/../../../../avr/lib/avr5/memx-const\libm.a(fp_zero.o)
                              c:/program files/microchip/xc8/v2.31/avr/bin/../lib/gcc/avr/5.4.0/../../../../avr/lib/avr5/memx-const\libm.a(addsf3x.o) (__fp_zero)
c:/program files/microchip/xc8/v2.31/avr/bin/../lib/gcc/avr/5.4.0/../../../../avr/lib/avr5/memx-const\libm.a(mulsf3.o)
                              APP/PWM_Drawer.o (__mulsf3)
c:/program files/microchip/xc8/v2.31/avr/bin/../lib/gcc/avr/5.4.0/../../../../avr/lib/avr5/memx-const\libm.a(mulsf3x.o)
                              c:/program files/microchip/xc8/v2.31/avr/bin/../lib/gcc/avr/5.4.0/../../../../avr/lib/avr5/memx-const\libm.a(mulsf3.o) (__mulsf3x)
c:/program files/microchip/xc8/v2.31/avr/bin/../lib/gcc/avr/5.4.0/avr5/memx-const\libgcc.a(_mulsi3.o)
                              MCAL/ICU/static/ICU.o (__mulsi3)
c:/program files/microchip/xc8/v2.31/avr/bin/../lib/gcc/avr/5.4.0/avr5/memx-const\libgcc.a(_divmodhi4.o)
                              HAL/LCD/static/LCD.o (__divmodhi4)
c:/program files/microchip/xc8/v2.31/avr/bin/../lib/gcc/avr/5.4.0/avr5/memx-const\libgcc.a(_divmodsi4.o)
                              HAL/GLCD/static/GLCD.o (__divmodsi4)
c:/program files/microchip/xc8/v2.31/avr/bin/../lib/gcc/avr/5.4.0/avr5/memx-const\libgcc.a(_negsi2.o)
                              c:/program files/microchip/xc8/v2.31/avr/bin/../lib/gcc/avr/5.4.0/avr5/memx-const\libgcc.a(_divmodsi4.o) (__negsi2)
c:/program files/microchip/xc8/v2.31/avr/bin/../lib/gcc/avr/5.4.0/avr5/memx-const\libgcc.a(_exit.o)
                              C:/Program Files (x86)/Atmel/Studio/7.0/Packs/atmel/ATmega_DFP/1.6.364/xc8/avr/lib/avr5/memx-const/crtatmega32a.o (exit)
c:/program files/microchip/xc8/v2.31/avr/bin/../lib/gcc/avr/5.4.0/avr5/memx-const\libgcc.a(_tablejump2.o)
                              HAL/GLCD/static/GLCD.o (__tablejump2__)
c:/program files/microchip/xc8/v2.31/avr/bin/../lib/gcc/avr/5.4.0/avr5/memx-const\libgcc.a(_copy_data.o)
                              APP/PWM_Drawer.o (__do_copy_data)
c:/program files/microchip/xc8/v2.31/avr/bin/../lib/gcc/avr/5.4.0/avr5/memx-const\libgcc.a(_muluhisi3.o)
                              MCAL/GPT/static/GPT.o (__muluhisi3)
c:/program files/microchip/xc8/v2.31/avr/bin/../lib/gcc/avr/5.4.0/avr5/memx-const\libgcc.a(_xload_2.o)
                              APP/PWM_Drawer.o (__xload_2)
c:/program files/microchip/xc8/v2.31/avr/bin/../lib/gcc/avr/5.4.0/avr5/memx-const\libgcc.a(_movmemx.o)
                              APP/PWM_Drawer.o (__movmemx_qi)
c:/program files/microchip/xc8/v2.31/avr/bin/../lib/gcc/avr/5.4.0/avr5/memx-const\libgcc.a(_ashrdi3.o)
                              HAL/GLCD/static/GLCD.o (__lshrdi3)
c:/program files/microchip/xc8/v2.31/avr/bin/../lib/gcc/avr/5.4.0/avr5/memx-const\libgcc.a(_udivmodhi4.o)
                              c:/program files/microchip/xc8/v2.31/avr/bin/../lib/gcc/avr/5.4.0/avr5/memx-const\libgcc.a(_divmodhi4.o) (__udivmodhi4)
c:/program files/microchip/xc8/v2.31/avr/bin/../lib/gcc/avr/5.4.0/avr5/memx-const\libgcc.a(_udivmodsi4.o)
                              c:/program files/microchip/xc8/v2.31/avr/bin/../lib/gcc/avr/5.4.0/avr5/memx-const\libgcc.a(_divmodsi4.o) (__udivmodsi4)
c:/program files/microchip/xc8/v2.31/avr/bin/../lib/gcc/avr/5.4.0/avr5/memx-const\libgcc.a(_umulhisi3.o)
                              c:/program files/microchip/xc8/v2.31/avr/bin/../lib/gcc/avr/5.4.0/avr5/memx-const\libgcc.a(_muluhisi3.o) (__umulhisi3)

Discarded input sections

 .data          0x0000000000000000        0x0 C:/Program Files (x86)/Atmel/Studio/7.0/Packs/atmel/ATmega_DFP/1.6.364/xc8/avr/lib/avr5/memx-const/crtatmega32a.o
 .bss           0x0000000000000000        0x0 C:/Program Files (x86)/Atmel/Studio/7.0/Packs/atmel/ATmega_DFP/1.6.364/xc8/avr/lib/avr5/memx-const/crtatmega32a.o
 .text          0x0000000000000000        0x0 APP/PWM_Drawer.o
 .data          0x0000000000000000        0x0 APP/PWM_Drawer.o
 .bss           0x0000000000000000        0x0 APP/PWM_Drawer.o
 .data.gac_Line_Patterns
                0x0000000000000000       0x38 APP/PWM_Drawer.o
 .text          0x0000000000000000        0x0 HAL/GLCD/static/GLCD.o
 .data          0x0000000000000000        0x0 HAL/GLCD/static/GLCD.o
 .bss           0x0000000000000000        0x0 HAL/GLCD/static/GLCD.o
 .text          0x0000000000000000        0x0 HAL/LCD/static/LCD.o
 .data          0x0000000000000000        0x0 HAL/LCD/static/LCD.o
 .bss           0x0000000000000000        0x0 HAL/LCD/static/LCD.o
 .text.LCD_SendInstruction
                0x0000000000000000       0x92 HAL/LCD/static/LCD.o
 .text.LCD_Init
                0x0000000000000000       0x40 HAL/LCD/static/LCD.o
 .text.LCD_SelectRowColumn
                0x0000000000000000       0x30 HAL/LCD/static/LCD.o
 .text.LCD_DisplayCharacter
                0x0000000000000000       0x92 HAL/LCD/static/LCD.o
 .text.LCD_DisplayString
                0x0000000000000000       0x1a HAL/LCD/static/LCD.o
 .text.LCD_DisplayInteger
                0x0000000000000000       0x86 HAL/LCD/static/LCD.o
 .text.LCD_DisplayFloatingPointNumber
                0x0000000000000000       0x98 HAL/LCD/static/LCD.o
 .text.LCD_CreateSpecialCharacter
                0x0000000000000000       0x36 HAL/LCD/static/LCD.o
 .debug_info    0x0000000000000000      0xebb HAL/LCD/static/LCD.o
 .debug_abbrev  0x0000000000000000      0x19f HAL/LCD/static/LCD.o
 .debug_loc     0x0000000000000000      0x91e HAL/LCD/static/LCD.o
 .debug_aranges
                0x0000000000000000       0x58 HAL/LCD/static/LCD.o
 .debug_ranges  0x0000000000000000       0x48 HAL/LCD/static/LCD.o
 .debug_line    0x0000000000000000      0x404 HAL/LCD/static/LCD.o
 .debug_str     0x0000000000000000       0x54 HAL/LCD/static/LCD.o
 .comment       0x0000000000000000       0x30 HAL/LCD/static/LCD.o
 .debug_frame   0x0000000000000000      0x118 HAL/LCD/static/LCD.o
 .text          0x0000000000000000        0x0 main.o
 .data          0x0000000000000000        0x0 main.o
 .bss           0x0000000000000000        0x0 main.o
 .text          0x0000000000000000        0x0 MCAL/DIO/DIO.o
 .data          0x0000000000000000        0x0 MCAL/DIO/DIO.o
 .bss           0x0000000000000000        0x0 MCAL/DIO/DIO.o
 .text.DIO_TogglePin
                0x0000000000000000       0x24 MCAL/DIO/DIO.o
 .text.DIO_ReadPin
                0x0000000000000000       0x20 MCAL/DIO/DIO.o
 .text.DIO_ReadPort
                0x0000000000000000        0xc MCAL/DIO/DIO.o
 .text.DIO_SetHighHalfPortDirection
                0x0000000000000000       0x2a MCAL/DIO/DIO.o
 .text.DIO_SetLowHalfPortDirection
                0x0000000000000000       0x2a MCAL/DIO/DIO.o
 .text.DIO_WriteHighHalfPort
                0x0000000000000000       0x20 MCAL/DIO/DIO.o
 .text.DIO_WriteLowHalfPort
                0x0000000000000000       0x20 MCAL/DIO/DIO.o
 .text.DIO_ReadHighHalfPort
                0x0000000000000000       0x10 MCAL/DIO/DIO.o
 .text.DIO_ReadLowHalfPort
                0x0000000000000000        0xe MCAL/DIO/DIO.o
 .text          0x0000000000000000        0x0 MCAL/GPT/config/GPT_Lconfig.o
 .data          0x0000000000000000        0x0 MCAL/GPT/config/GPT_Lconfig.o
 .bss           0x0000000000000000        0x0 MCAL/GPT/config/GPT_Lconfig.o
 .progmemx.data.gaStrGPT_Config
                0x0000000000000000        0x4 MCAL/GPT/config/GPT_Lconfig.o
 .debug_info    0x0000000000000000      0x40d MCAL/GPT/config/GPT_Lconfig.o
 .debug_abbrev  0x0000000000000000       0x49 MCAL/GPT/config/GPT_Lconfig.o
 .debug_aranges
                0x0000000000000000       0x18 MCAL/GPT/config/GPT_Lconfig.o
 .debug_line    0x0000000000000000       0x5a MCAL/GPT/config/GPT_Lconfig.o
 .debug_str     0x0000000000000000        0x0 MCAL/GPT/config/GPT_Lconfig.o
 .comment       0x0000000000000000       0x30 MCAL/GPT/config/GPT_Lconfig.o
 .text          0x0000000000000000        0x0 MCAL/GPT/static/GPT.o
 .data          0x0000000000000000        0x0 MCAL/GPT/static/GPT.o
 .bss           0x0000000000000000        0x0 MCAL/GPT/static/GPT.o
 .text.GPT_InitTimer0
                0x0000000000000000       0xc6 MCAL/GPT/static/GPT.o
 .text.GPT_InitTimer1
                0x0000000000000000       0xd4 MCAL/GPT/static/GPT.o
 .text.GPT_InitTimer2
                0x0000000000000000       0xac MCAL/GPT/static/GPT.o
 .text.GPT_Init
                0x0000000000000000       0x58 MCAL/GPT/static/GPT.o
 .text.GPT_Delay_us
                0x0000000000000000      0x2ec MCAL/GPT/static/GPT.o
 .progmem.gcc_sw_table.GPT_Delay_us
                0x0000000000000000        0xe MCAL/GPT/static/GPT.o
 .text.GPT_Delay_ms
                0x0000000000000000      0x2d4 MCAL/GPT/static/GPT.o
 .progmem.gcc_sw_table.GPT_Delay_ms
                0x0000000000000000        0xe MCAL/GPT/static/GPT.o
 .text.GPT_GetTimerStatus
                0x0000000000000000       0xa2 MCAL/GPT/static/GPT.o
 .debug_info    0x0000000000000000      0x779 MCAL/GPT/static/GPT.o
 .debug_abbrev  0x0000000000000000      0x161 MCAL/GPT/static/GPT.o
 .debug_loc     0x0000000000000000      0x6b2 MCAL/GPT/static/GPT.o
 .debug_aranges
                0x0000000000000000       0x50 MCAL/GPT/static/GPT.o
 .debug_ranges  0x0000000000000000       0x40 MCAL/GPT/static/GPT.o
 .debug_line    0x0000000000000000      0x4ac MCAL/GPT/static/GPT.o
 .debug_str     0x0000000000000000       0x16 MCAL/GPT/static/GPT.o
 .comment       0x0000000000000000       0x30 MCAL/GPT/static/GPT.o
 .debug_frame   0x0000000000000000       0xe8 MCAL/GPT/static/GPT.o
 .text          0x0000000000000000        0x0 MCAL/ICU/config/ICU_Lconfig.o
 .data          0x0000000000000000        0x0 MCAL/ICU/config/ICU_Lconfig.o
 .bss           0x0000000000000000        0x0 MCAL/ICU/config/ICU_Lconfig.o
 .text          0x0000000000000000        0x0 MCAL/ICU/static/ICU.o
 .data          0x0000000000000000        0x0 MCAL/ICU/static/ICU.o
 .bss           0x0000000000000000        0x0 MCAL/ICU/static/ICU.o
 .text          0x0000000000000000        0x0 MCAL/PWM/config/PWM_Lconfig.o
 .data          0x0000000000000000        0x0 MCAL/PWM/config/PWM_Lconfig.o
 .bss           0x0000000000000000        0x0 MCAL/PWM/config/PWM_Lconfig.o
 .text          0x0000000000000000        0x0 MCAL/PWM/static/PWM.o
 .data          0x0000000000000000        0x0 MCAL/PWM/static/PWM.o
 .bss           0x0000000000000000        0x0 MCAL/PWM/static/PWM.o
 .text.PWM_SetDuty
                0x0000000000000000      0x210 MCAL/PWM/static/PWM.o
 .text          0x0000000000000000        0x0 c:/program files/microchip/xc8/v2.31/avr/bin/../lib/gcc/avr/5.4.0/../../../../avr/lib/avr5/memx-const\libm.a(addsf3.o)
 .data          0x0000000000000000        0x0 c:/program files/microchip/xc8/v2.31/avr/bin/../lib/gcc/avr/5.4.0/../../../../avr/lib/avr5/memx-const\libm.a(addsf3.o)
 .bss           0x0000000000000000        0x0 c:/program files/microchip/xc8/v2.31/avr/bin/../lib/gcc/avr/5.4.0/../../../../avr/lib/avr5/memx-const\libm.a(addsf3.o)
 .text          0x0000000000000000        0x0 c:/program files/microchip/xc8/v2.31/avr/bin/../lib/gcc/avr/5.4.0/../../../../avr/lib/avr5/memx-const\libm.a(addsf3x.o)
 .data          0x0000000000000000        0x0 c:/program files/microchip/xc8/v2.31/avr/bin/../lib/gcc/avr/5.4.0/../../../../avr/lib/avr5/memx-const\libm.a(addsf3x.o)
 .bss           0x0000000000000000        0x0 c:/program files/microchip/xc8/v2.31/avr/bin/../lib/gcc/avr/5.4.0/../../../../avr/lib/avr5/memx-const\libm.a(addsf3x.o)
 .text          0x0000000000000000        0x0 c:/program files/microchip/xc8/v2.31/avr/bin/../lib/gcc/avr/5.4.0/../../../../avr/lib/avr5/memx-const\libm.a(divsf3.o)
 .data          0x0000000000000000        0x0 c:/program files/microchip/xc8/v2.31/avr/bin/../lib/gcc/avr/5.4.0/../../../../avr/lib/avr5/memx-const\libm.a(divsf3.o)
 .bss           0x0000000000000000        0x0 c:/program files/microchip/xc8/v2.31/avr/bin/../lib/gcc/avr/5.4.0/../../../../avr/lib/avr5/memx-const\libm.a(divsf3.o)
 .text          0x0000000000000000        0x0 c:/program files/microchip/xc8/v2.31/avr/bin/../lib/gcc/avr/5.4.0/../../../../avr/lib/avr5/memx-const\libm.a(divsf3x.o)
 .data          0x0000000000000000        0x0 c:/program files/microchip/xc8/v2.31/avr/bin/../lib/gcc/avr/5.4.0/../../../../avr/lib/avr5/memx-const\libm.a(divsf3x.o)
 .bss           0x0000000000000000        0x0 c:/program files/microchip/xc8/v2.31/avr/bin/../lib/gcc/avr/5.4.0/../../../../avr/lib/avr5/memx-const\libm.a(divsf3x.o)
 .text          0x0000000000000000        0x0 c:/program files/microchip/xc8/v2.31/avr/bin/../lib/gcc/avr/5.4.0/../../../../avr/lib/avr5/memx-const\libm.a(fixunssfsi.o)
 .data          0x0000000000000000        0x0 c:/program files/microchip/xc8/v2.31/avr/bin/../lib/gcc/avr/5.4.0/../../../../avr/lib/avr5/memx-const\libm.a(fixunssfsi.o)
 .bss           0x0000000000000000        0x0 c:/program files/microchip/xc8/v2.31/avr/bin/../lib/gcc/avr/5.4.0/../../../../avr/lib/avr5/memx-const\libm.a(fixunssfsi.o)
 .text          0x0000000000000000        0x0 c:/program files/microchip/xc8/v2.31/avr/bin/../lib/gcc/avr/5.4.0/../../../../avr/lib/avr5/memx-const\libm.a(floatsisf.o)
 .data          0x0000000000000000        0x0 c:/program files/microchip/xc8/v2.31/avr/bin/../lib/gcc/avr/5.4.0/../../../../avr/lib/avr5/memx-const\libm.a(floatsisf.o)
 .bss           0x0000000000000000        0x0 c:/program files/microchip/xc8/v2.31/avr/bin/../lib/gcc/avr/5.4.0/../../../../avr/lib/avr5/memx-const\libm.a(floatsisf.o)
 .text          0x0000000000000000        0x0 c:/program files/microchip/xc8/v2.31/avr/bin/../lib/gcc/avr/5.4.0/../../../../avr/lib/avr5/memx-const\libm.a(fp_inf.o)
 .data          0x0000000000000000        0x0 c:/program files/microchip/xc8/v2.31/avr/bin/../lib/gcc/avr/5.4.0/../../../../avr/lib/avr5/memx-const\libm.a(fp_inf.o)
 .bss           0x0000000000000000        0x0 c:/program files/microchip/xc8/v2.31/avr/bin/../lib/gcc/avr/5.4.0/../../../../avr/lib/avr5/memx-const\libm.a(fp_inf.o)
 .text          0x0000000000000000        0x0 c:/program files/microchip/xc8/v2.31/avr/bin/../lib/gcc/avr/5.4.0/../../../../avr/lib/avr5/memx-const\libm.a(fp_nan.o)
 .data          0x0000000000000000        0x0 c:/program files/microchip/xc8/v2.31/avr/bin/../lib/gcc/avr/5.4.0/../../../../avr/lib/avr5/memx-const\libm.a(fp_nan.o)
 .bss           0x0000000000000000        0x0 c:/program files/microchip/xc8/v2.31/avr/bin/../lib/gcc/avr/5.4.0/../../../../avr/lib/avr5/memx-const\libm.a(fp_nan.o)
 .text          0x0000000000000000        0x0 c:/program files/microchip/xc8/v2.31/avr/bin/../lib/gcc/avr/5.4.0/../../../../avr/lib/avr5/memx-const\libm.a(fp_pscA.o)
 .data          0x0000000000000000        0x0 c:/program files/microchip/xc8/v2.31/avr/bin/../lib/gcc/avr/5.4.0/../../../../avr/lib/avr5/memx-const\libm.a(fp_pscA.o)
 .bss           0x0000000000000000        0x0 c:/program files/microchip/xc8/v2.31/avr/bin/../lib/gcc/avr/5.4.0/../../../../avr/lib/avr5/memx-const\libm.a(fp_pscA.o)
 .text          0x0000000000000000        0x0 c:/program files/microchip/xc8/v2.31/avr/bin/../lib/gcc/avr/5.4.0/../../../../avr/lib/avr5/memx-const\libm.a(fp_pscB.o)
 .data          0x0000000000000000        0x0 c:/program files/microchip/xc8/v2.31/avr/bin/../lib/gcc/avr/5.4.0/../../../../avr/lib/avr5/memx-const\libm.a(fp_pscB.o)
 .bss           0x0000000000000000        0x0 c:/program files/microchip/xc8/v2.31/avr/bin/../lib/gcc/avr/5.4.0/../../../../avr/lib/avr5/memx-const\libm.a(fp_pscB.o)
 .text          0x0000000000000000        0x0 c:/program files/microchip/xc8/v2.31/avr/bin/../lib/gcc/avr/5.4.0/../../../../avr/lib/avr5/memx-const\libm.a(fp_round.o)
 .data          0x0000000000000000        0x0 c:/program files/microchip/xc8/v2.31/avr/bin/../lib/gcc/avr/5.4.0/../../../../avr/lib/avr5/memx-const\libm.a(fp_round.o)
 .bss           0x0000000000000000        0x0 c:/program files/microchip/xc8/v2.31/avr/bin/../lib/gcc/avr/5.4.0/../../../../avr/lib/avr5/memx-const\libm.a(fp_round.o)
 .text          0x0000000000000000        0x0 c:/program files/microchip/xc8/v2.31/avr/bin/../lib/gcc/avr/5.4.0/../../../../avr/lib/avr5/memx-const\libm.a(fp_split3.o)
 .data          0x0000000000000000        0x0 c:/program files/microchip/xc8/v2.31/avr/bin/../lib/gcc/avr/5.4.0/../../../../avr/lib/avr5/memx-const\libm.a(fp_split3.o)
 .bss           0x0000000000000000        0x0 c:/program files/microchip/xc8/v2.31/avr/bin/../lib/gcc/avr/5.4.0/../../../../avr/lib/avr5/memx-const\libm.a(fp_split3.o)
 .text          0x0000000000000000        0x0 c:/program files/microchip/xc8/v2.31/avr/bin/../lib/gcc/avr/5.4.0/../../../../avr/lib/avr5/memx-const\libm.a(fp_zero.o)
 .data          0x0000000000000000        0x0 c:/program files/microchip/xc8/v2.31/avr/bin/../lib/gcc/avr/5.4.0/../../../../avr/lib/avr5/memx-const\libm.a(fp_zero.o)
 .bss           0x0000000000000000        0x0 c:/program files/microchip/xc8/v2.31/avr/bin/../lib/gcc/avr/5.4.0/../../../../avr/lib/avr5/memx-const\libm.a(fp_zero.o)
 .text          0x0000000000000000        0x0 c:/program files/microchip/xc8/v2.31/avr/bin/../lib/gcc/avr/5.4.0/../../../../avr/lib/avr5/memx-const\libm.a(mulsf3.o)
 .data          0x0000000000000000        0x0 c:/program files/microchip/xc8/v2.31/avr/bin/../lib/gcc/avr/5.4.0/../../../../avr/lib/avr5/memx-const\libm.a(mulsf3.o)
 .bss           0x0000000000000000        0x0 c:/program files/microchip/xc8/v2.31/avr/bin/../lib/gcc/avr/5.4.0/../../../../avr/lib/avr5/memx-const\libm.a(mulsf3.o)
 .text          0x0000000000000000        0x0 c:/program files/microchip/xc8/v2.31/avr/bin/../lib/gcc/avr/5.4.0/../../../../avr/lib/avr5/memx-const\libm.a(mulsf3x.o)
 .data          0x0000000000000000        0x0 c:/program files/microchip/xc8/v2.31/avr/bin/../lib/gcc/avr/5.4.0/../../../../avr/lib/avr5/memx-const\libm.a(mulsf3x.o)
 .bss           0x0000000000000000        0x0 c:/program files/microchip/xc8/v2.31/avr/bin/../lib/gcc/avr/5.4.0/../../../../avr/lib/avr5/memx-const\libm.a(mulsf3x.o)
 .text          0x0000000000000000        0x0 c:/program files/microchip/xc8/v2.31/avr/bin/../lib/gcc/avr/5.4.0/avr5/memx-const\libgcc.a(_mulsi3.o)
 .data          0x0000000000000000        0x0 c:/program files/microchip/xc8/v2.31/avr/bin/../lib/gcc/avr/5.4.0/avr5/memx-const\libgcc.a(_mulsi3.o)
 .bss           0x0000000000000000        0x0 c:/program files/microchip/xc8/v2.31/avr/bin/../lib/gcc/avr/5.4.0/avr5/memx-const\libgcc.a(_mulsi3.o)
 .text.libgcc.div
                0x0000000000000000        0x0 c:/program files/microchip/xc8/v2.31/avr/bin/../lib/gcc/avr/5.4.0/avr5/memx-const\libgcc.a(_mulsi3.o)
 .text.libgcc   0x0000000000000000        0x0 c:/program files/microchip/xc8/v2.31/avr/bin/../lib/gcc/avr/5.4.0/avr5/memx-const\libgcc.a(_mulsi3.o)
 .text.libgcc.prologue
                0x0000000000000000        0x0 c:/program files/microchip/xc8/v2.31/avr/bin/../lib/gcc/avr/5.4.0/avr5/memx-const\libgcc.a(_mulsi3.o)
 .text.libgcc.builtins
                0x0000000000000000        0x0 c:/program files/microchip/xc8/v2.31/avr/bin/../lib/gcc/avr/5.4.0/avr5/memx-const\libgcc.a(_mulsi3.o)
 .text.libgcc.fmul
                0x0000000000000000        0x0 c:/program files/microchip/xc8/v2.31/avr/bin/../lib/gcc/avr/5.4.0/avr5/memx-const\libgcc.a(_mulsi3.o)
 .text.libgcc.fixed
                0x0000000000000000        0x0 c:/program files/microchip/xc8/v2.31/avr/bin/../lib/gcc/avr/5.4.0/avr5/memx-const\libgcc.a(_mulsi3.o)
 .text          0x0000000000000000        0x0 c:/program files/microchip/xc8/v2.31/avr/bin/../lib/gcc/avr/5.4.0/avr5/memx-const\libgcc.a(_divmodhi4.o)
 .data          0x0000000000000000        0x0 c:/program files/microchip/xc8/v2.31/avr/bin/../lib/gcc/avr/5.4.0/avr5/memx-const\libgcc.a(_divmodhi4.o)
 .bss           0x0000000000000000        0x0 c:/program files/microchip/xc8/v2.31/avr/bin/../lib/gcc/avr/5.4.0/avr5/memx-const\libgcc.a(_divmodhi4.o)
 .text.libgcc.mul
                0x0000000000000000        0x0 c:/program files/microchip/xc8/v2.31/avr/bin/../lib/gcc/avr/5.4.0/avr5/memx-const\libgcc.a(_divmodhi4.o)
 .text.libgcc.div
                0x0000000000000000       0x28 c:/program files/microchip/xc8/v2.31/avr/bin/../lib/gcc/avr/5.4.0/avr5/memx-const\libgcc.a(_divmodhi4.o)
 .text.libgcc   0x0000000000000000        0x0 c:/program files/microchip/xc8/v2.31/avr/bin/../lib/gcc/avr/5.4.0/avr5/memx-const\libgcc.a(_divmodhi4.o)
 .text.libgcc.prologue
                0x0000000000000000        0x0 c:/program files/microchip/xc8/v2.31/avr/bin/../lib/gcc/avr/5.4.0/avr5/memx-const\libgcc.a(_divmodhi4.o)
 .text.libgcc.builtins
                0x0000000000000000        0x0 c:/program files/microchip/xc8/v2.31/avr/bin/../lib/gcc/avr/5.4.0/avr5/memx-const\libgcc.a(_divmodhi4.o)
 .text.libgcc.fmul
                0x0000000000000000        0x0 c:/program files/microchip/xc8/v2.31/avr/bin/../lib/gcc/avr/5.4.0/avr5/memx-const\libgcc.a(_divmodhi4.o)
 .text.libgcc.fixed
                0x0000000000000000        0x0 c:/program files/microchip/xc8/v2.31/avr/bin/../lib/gcc/avr/5.4.0/avr5/memx-const\libgcc.a(_divmodhi4.o)
 .text          0x0000000000000000        0x0 c:/program files/microchip/xc8/v2.31/avr/bin/../lib/gcc/avr/5.4.0/avr5/memx-const\libgcc.a(_divmodsi4.o)
 .data          0x0000000000000000        0x0 c:/program files/microchip/xc8/v2.31/avr/bin/../lib/gcc/avr/5.4.0/avr5/memx-const\libgcc.a(_divmodsi4.o)
 .bss           0x0000000000000000        0x0 c:/program files/microchip/xc8/v2.31/avr/bin/../lib/gcc/avr/5.4.0/avr5/memx-const\libgcc.a(_divmodsi4.o)
 .text.libgcc.mul
                0x0000000000000000        0x0 c:/program files/microchip/xc8/v2.31/avr/bin/../lib/gcc/avr/5.4.0/avr5/memx-const\libgcc.a(_divmodsi4.o)
 .text.libgcc   0x0000000000000000        0x0 c:/program files/microchip/xc8/v2.31/avr/bin/../lib/gcc/avr/5.4.0/avr5/memx-const\libgcc.a(_divmodsi4.o)
 .text.libgcc.prologue
                0x0000000000000000        0x0 c:/program files/microchip/xc8/v2.31/avr/bin/../lib/gcc/avr/5.4.0/avr5/memx-const\libgcc.a(_divmodsi4.o)
 .text.libgcc.builtins
                0x0000000000000000        0x0 c:/program files/microchip/xc8/v2.31/avr/bin/../lib/gcc/avr/5.4.0/avr5/memx-const\libgcc.a(_divmodsi4.o)
 .text.libgcc.fmul
                0x0000000000000000        0x0 c:/program files/microchip/xc8/v2.31/avr/bin/../lib/gcc/avr/5.4.0/avr5/memx-const\libgcc.a(_divmodsi4.o)
 .text.libgcc.fixed
                0x0000000000000000        0x0 c:/program files/microchip/xc8/v2.31/avr/bin/../lib/gcc/avr/5.4.0/avr5/memx-const\libgcc.a(_divmodsi4.o)
 .text          0x0000000000000000        0x0 c:/program files/microchip/xc8/v2.31/avr/bin/../lib/gcc/avr/5.4.0/avr5/memx-const\libgcc.a(_negsi2.o)
 .data          0x0000000000000000        0x0 c:/program files/microchip/xc8/v2.31/avr/bin/../lib/gcc/avr/5.4.0/avr5/memx-const\libgcc.a(_negsi2.o)
 .bss           0x0000000000000000        0x0 c:/program files/microchip/xc8/v2.31/avr/bin/../lib/gcc/avr/5.4.0/avr5/memx-const\libgcc.a(_negsi2.o)
 .text.libgcc.mul
                0x0000000000000000        0x0 c:/program files/microchip/xc8/v2.31/avr/bin/../lib/gcc/avr/5.4.0/avr5/memx-const\libgcc.a(_negsi2.o)
 .text.libgcc   0x0000000000000000        0x0 c:/program files/microchip/xc8/v2.31/avr/bin/../lib/gcc/avr/5.4.0/avr5/memx-const\libgcc.a(_negsi2.o)
 .text.libgcc.prologue
                0x0000000000000000        0x0 c:/program files/microchip/xc8/v2.31/avr/bin/../lib/gcc/avr/5.4.0/avr5/memx-const\libgcc.a(_negsi2.o)
 .text.libgcc.builtins
                0x0000000000000000        0x0 c:/program files/microchip/xc8/v2.31/avr/bin/../lib/gcc/avr/5.4.0/avr5/memx-const\libgcc.a(_negsi2.o)
 .text.libgcc.fmul
                0x0000000000000000        0x0 c:/program files/microchip/xc8/v2.31/avr/bin/../lib/gcc/avr/5.4.0/avr5/memx-const\libgcc.a(_negsi2.o)
 .text.libgcc.fixed
                0x0000000000000000        0x0 c:/program files/microchip/xc8/v2.31/avr/bin/../lib/gcc/avr/5.4.0/avr5/memx-const\libgcc.a(_negsi2.o)
 .text          0x0000000000000000        0x0 c:/program files/microchip/xc8/v2.31/avr/bin/../lib/gcc/avr/5.4.0/avr5/memx-const\libgcc.a(_exit.o)
 .data          0x0000000000000000        0x0 c:/program files/microchip/xc8/v2.31/avr/bin/../lib/gcc/avr/5.4.0/avr5/memx-const\libgcc.a(_exit.o)
 .bss           0x0000000000000000        0x0 c:/program files/microchip/xc8/v2.31/avr/bin/../lib/gcc/avr/5.4.0/avr5/memx-const\libgcc.a(_exit.o)
 .text.libgcc.mul
                0x0000000000000000        0x0 c:/program files/microchip/xc8/v2.31/avr/bin/../lib/gcc/avr/5.4.0/avr5/memx-const\libgcc.a(_exit.o)
 .text.libgcc.div
                0x0000000000000000        0x0 c:/program files/microchip/xc8/v2.31/avr/bin/../lib/gcc/avr/5.4.0/avr5/memx-const\libgcc.a(_exit.o)
 .text.libgcc   0x0000000000000000        0x0 c:/program files/microchip/xc8/v2.31/avr/bin/../lib/gcc/avr/5.4.0/avr5/memx-const\libgcc.a(_exit.o)
 .text.libgcc.prologue
                0x0000000000000000        0x0 c:/program files/microchip/xc8/v2.31/avr/bin/../lib/gcc/avr/5.4.0/avr5/memx-const\libgcc.a(_exit.o)
 .text.libgcc.builtins
                0x0000000000000000        0x0 c:/program files/microchip/xc8/v2.31/avr/bin/../lib/gcc/avr/5.4.0/avr5/memx-const\libgcc.a(_exit.o)
 .text.libgcc.fmul
                0x0000000000000000        0x0 c:/program files/microchip/xc8/v2.31/avr/bin/../lib/gcc/avr/5.4.0/avr5/memx-const\libgcc.a(_exit.o)
 .text.libgcc.fixed
                0x0000000000000000        0x0 c:/program files/microchip/xc8/v2.31/avr/bin/../lib/gcc/avr/5.4.0/avr5/memx-const\libgcc.a(_exit.o)
 .text          0x0000000000000000        0x0 c:/program files/microchip/xc8/v2.31/avr/bin/../lib/gcc/avr/5.4.0/avr5/memx-const\libgcc.a(_tablejump2.o)
 .data          0x0000000000000000        0x0 c:/program files/microchip/xc8/v2.31/avr/bin/../lib/gcc/avr/5.4.0/avr5/memx-const\libgcc.a(_tablejump2.o)
 .bss           0x0000000000000000        0x0 c:/program files/microchip/xc8/v2.31/avr/bin/../lib/gcc/avr/5.4.0/avr5/memx-const\libgcc.a(_tablejump2.o)
 .text.libgcc.mul
                0x0000000000000000        0x0 c:/program files/microchip/xc8/v2.31/avr/bin/../lib/gcc/avr/5.4.0/avr5/memx-const\libgcc.a(_tablejump2.o)
 .text.libgcc.div
                0x0000000000000000        0x0 c:/program files/microchip/xc8/v2.31/avr/bin/../lib/gcc/avr/5.4.0/avr5/memx-const\libgcc.a(_tablejump2.o)
 .text.libgcc.prologue
                0x0000000000000000        0x0 c:/program files/microchip/xc8/v2.31/avr/bin/../lib/gcc/avr/5.4.0/avr5/memx-const\libgcc.a(_tablejump2.o)
 .text.libgcc.builtins
                0x0000000000000000        0x0 c:/program files/microchip/xc8/v2.31/avr/bin/../lib/gcc/avr/5.4.0/avr5/memx-const\libgcc.a(_tablejump2.o)
 .text.libgcc.fmul
                0x0000000000000000        0x0 c:/program files/microchip/xc8/v2.31/avr/bin/../lib/gcc/avr/5.4.0/avr5/memx-const\libgcc.a(_tablejump2.o)
 .text.libgcc.fixed
                0x0000000000000000        0x0 c:/program files/microchip/xc8/v2.31/avr/bin/../lib/gcc/avr/5.4.0/avr5/memx-const\libgcc.a(_tablejump2.o)
 .text          0x0000000000000000        0x0 c:/program files/microchip/xc8/v2.31/avr/bin/../lib/gcc/avr/5.4.0/avr5/memx-const\libgcc.a(_copy_data.o)
 .data          0x0000000000000000        0x0 c:/program files/microchip/xc8/v2.31/avr/bin/../lib/gcc/avr/5.4.0/avr5/memx-const\libgcc.a(_copy_data.o)
 .bss           0x0000000000000000        0x0 c:/program files/microchip/xc8/v2.31/avr/bin/../lib/gcc/avr/5.4.0/avr5/memx-const\libgcc.a(_copy_data.o)
 .text.libgcc.mul
                0x0000000000000000        0x0 c:/program files/microchip/xc8/v2.31/avr/bin/../lib/gcc/avr/5.4.0/avr5/memx-const\libgcc.a(_copy_data.o)
 .text.libgcc.div
                0x0000000000000000        0x0 c:/program files/microchip/xc8/v2.31/avr/bin/../lib/gcc/avr/5.4.0/avr5/memx-const\libgcc.a(_copy_data.o)
 .text.libgcc   0x0000000000000000        0x0 c:/program files/microchip/xc8/v2.31/avr/bin/../lib/gcc/avr/5.4.0/avr5/memx-const\libgcc.a(_copy_data.o)
 .text.libgcc.prologue
                0x0000000000000000        0x0 c:/program files/microchip/xc8/v2.31/avr/bin/../lib/gcc/avr/5.4.0/avr5/memx-const\libgcc.a(_copy_data.o)
 .text.libgcc.builtins
                0x0000000000000000        0x0 c:/program files/microchip/xc8/v2.31/avr/bin/../lib/gcc/avr/5.4.0/avr5/memx-const\libgcc.a(_copy_data.o)
 .text.libgcc.fmul
                0x0000000000000000        0x0 c:/program files/microchip/xc8/v2.31/avr/bin/../lib/gcc/avr/5.4.0/avr5/memx-const\libgcc.a(_copy_data.o)
 .text.libgcc.fixed
                0x0000000000000000        0x0 c:/program files/microchip/xc8/v2.31/avr/bin/../lib/gcc/avr/5.4.0/avr5/memx-const\libgcc.a(_copy_data.o)
 .text          0x0000000000000000        0x0 c:/program files/microchip/xc8/v2.31/avr/bin/../lib/gcc/avr/5.4.0/avr5/memx-const\libgcc.a(_muluhisi3.o)
 .data          0x0000000000000000        0x0 c:/program files/microchip/xc8/v2.31/avr/bin/../lib/gcc/avr/5.4.0/avr5/memx-const\libgcc.a(_muluhisi3.o)
 .bss           0x0000000000000000        0x0 c:/program files/microchip/xc8/v2.31/avr/bin/../lib/gcc/avr/5.4.0/avr5/memx-const\libgcc.a(_muluhisi3.o)
 .text.libgcc.div
                0x0000000000000000        0x0 c:/program files/microchip/xc8/v2.31/avr/bin/../lib/gcc/avr/5.4.0/avr5/memx-const\libgcc.a(_muluhisi3.o)
 .text.libgcc   0x0000000000000000        0x0 c:/program files/microchip/xc8/v2.31/avr/bin/../lib/gcc/avr/5.4.0/avr5/memx-const\libgcc.a(_muluhisi3.o)
 .text.libgcc.prologue
                0x0000000000000000        0x0 c:/program files/microchip/xc8/v2.31/avr/bin/../lib/gcc/avr/5.4.0/avr5/memx-const\libgcc.a(_muluhisi3.o)
 .text.libgcc.builtins
                0x0000000000000000        0x0 c:/program files/microchip/xc8/v2.31/avr/bin/../lib/gcc/avr/5.4.0/avr5/memx-const\libgcc.a(_muluhisi3.o)
 .text.libgcc.fmul
                0x0000000000000000        0x0 c:/program files/microchip/xc8/v2.31/avr/bin/../lib/gcc/avr/5.4.0/avr5/memx-const\libgcc.a(_muluhisi3.o)
 .text.libgcc.fixed
                0x0000000000000000        0x0 c:/program files/microchip/xc8/v2.31/avr/bin/../lib/gcc/avr/5.4.0/avr5/memx-const\libgcc.a(_muluhisi3.o)
 .text          0x0000000000000000        0x0 c:/program files/microchip/xc8/v2.31/avr/bin/../lib/gcc/avr/5.4.0/avr5/memx-const\libgcc.a(_xload_2.o)
 .data          0x0000000000000000        0x0 c:/program files/microchip/xc8/v2.31/avr/bin/../lib/gcc/avr/5.4.0/avr5/memx-const\libgcc.a(_xload_2.o)
 .bss           0x0000000000000000        0x0 c:/program files/microchip/xc8/v2.31/avr/bin/../lib/gcc/avr/5.4.0/avr5/memx-const\libgcc.a(_xload_2.o)
 .text.libgcc.mul
                0x0000000000000000        0x0 c:/program files/microchip/xc8/v2.31/avr/bin/../lib/gcc/avr/5.4.0/avr5/memx-const\libgcc.a(_xload_2.o)
 .text.libgcc.div
                0x0000000000000000        0x0 c:/program files/microchip/xc8/v2.31/avr/bin/../lib/gcc/avr/5.4.0/avr5/memx-const\libgcc.a(_xload_2.o)
 .text.libgcc.prologue
                0x0000000000000000        0x0 c:/program files/microchip/xc8/v2.31/avr/bin/../lib/gcc/avr/5.4.0/avr5/memx-const\libgcc.a(_xload_2.o)
 .text.libgcc.builtins
                0x0000000000000000        0x0 c:/program files/microchip/xc8/v2.31/avr/bin/../lib/gcc/avr/5.4.0/avr5/memx-const\libgcc.a(_xload_2.o)
 .text.libgcc.fmul
                0x0000000000000000        0x0 c:/program files/microchip/xc8/v2.31/avr/bin/../lib/gcc/avr/5.4.0/avr5/memx-const\libgcc.a(_xload_2.o)
 .text.libgcc.fixed
                0x0000000000000000        0x0 c:/program files/microchip/xc8/v2.31/avr/bin/../lib/gcc/avr/5.4.0/avr5/memx-const\libgcc.a(_xload_2.o)
 .text          0x0000000000000000        0x0 c:/program files/microchip/xc8/v2.31/avr/bin/../lib/gcc/avr/5.4.0/avr5/memx-const\libgcc.a(_movmemx.o)
 .data          0x0000000000000000        0x0 c:/program files/microchip/xc8/v2.31/avr/bin/../lib/gcc/avr/5.4.0/avr5/memx-const\libgcc.a(_movmemx.o)
 .bss           0x0000000000000000        0x0 c:/program files/microchip/xc8/v2.31/avr/bin/../lib/gcc/avr/5.4.0/avr5/memx-const\libgcc.a(_movmemx.o)
 .text.libgcc.mul
                0x0000000000000000        0x0 c:/program files/microchip/xc8/v2.31/avr/bin/../lib/gcc/avr/5.4.0/avr5/memx-const\libgcc.a(_movmemx.o)
 .text.libgcc.div
                0x0000000000000000        0x0 c:/program files/microchip/xc8/v2.31/avr/bin/../lib/gcc/avr/5.4.0/avr5/memx-const\libgcc.a(_movmemx.o)
 .text.libgcc.prologue
                0x0000000000000000        0x0 c:/program files/microchip/xc8/v2.31/avr/bin/../lib/gcc/avr/5.4.0/avr5/memx-const\libgcc.a(_movmemx.o)
 .text.libgcc.builtins
                0x0000000000000000        0x0 c:/program files/microchip/xc8/v2.31/avr/bin/../lib/gcc/avr/5.4.0/avr5/memx-const\libgcc.a(_movmemx.o)
 .text.libgcc.fmul
                0x0000000000000000        0x0 c:/program files/microchip/xc8/v2.31/avr/bin/../lib/gcc/avr/5.4.0/avr5/memx-const\libgcc.a(_movmemx.o)
 .text.libgcc.fixed
                0x0000000000000000        0x0 c:/program files/microchip/xc8/v2.31/avr/bin/../lib/gcc/avr/5.4.0/avr5/memx-const\libgcc.a(_movmemx.o)
 .text          0x0000000000000000        0x0 c:/program files/microchip/xc8/v2.31/avr/bin/../lib/gcc/avr/5.4.0/avr5/memx-const\libgcc.a(_ashrdi3.o)
 .data          0x0000000000000000        0x0 c:/program files/microchip/xc8/v2.31/avr/bin/../lib/gcc/avr/5.4.0/avr5/memx-const\libgcc.a(_ashrdi3.o)
 .bss           0x0000000000000000        0x0 c:/program files/microchip/xc8/v2.31/avr/bin/../lib/gcc/avr/5.4.0/avr5/memx-const\libgcc.a(_ashrdi3.o)
 .text.libgcc.mul
                0x0000000000000000        0x0 c:/program files/microchip/xc8/v2.31/avr/bin/../lib/gcc/avr/5.4.0/avr5/memx-const\libgcc.a(_ashrdi3.o)
 .text.libgcc.div
                0x0000000000000000        0x0 c:/program files/microchip/xc8/v2.31/avr/bin/../lib/gcc/avr/5.4.0/avr5/memx-const\libgcc.a(_ashrdi3.o)
 .text.libgcc   0x0000000000000000        0x0 c:/program files/microchip/xc8/v2.31/avr/bin/../lib/gcc/avr/5.4.0/avr5/memx-const\libgcc.a(_ashrdi3.o)
 .text.libgcc.prologue
                0x0000000000000000        0x0 c:/program files/microchip/xc8/v2.31/avr/bin/../lib/gcc/avr/5.4.0/avr5/memx-const\libgcc.a(_ashrdi3.o)
 .text.libgcc.fmul
                0x0000000000000000        0x0 c:/program files/microchip/xc8/v2.31/avr/bin/../lib/gcc/avr/5.4.0/avr5/memx-const\libgcc.a(_ashrdi3.o)
 .text.libgcc.fixed
                0x0000000000000000        0x0 c:/program files/microchip/xc8/v2.31/avr/bin/../lib/gcc/avr/5.4.0/avr5/memx-const\libgcc.a(_ashrdi3.o)
 .text          0x0000000000000000        0x0 c:/program files/microchip/xc8/v2.31/avr/bin/../lib/gcc/avr/5.4.0/avr5/memx-const\libgcc.a(_udivmodhi4.o)
 .data          0x0000000000000000        0x0 c:/program files/microchip/xc8/v2.31/avr/bin/../lib/gcc/avr/5.4.0/avr5/memx-const\libgcc.a(_udivmodhi4.o)
 .bss           0x0000000000000000        0x0 c:/program files/microchip/xc8/v2.31/avr/bin/../lib/gcc/avr/5.4.0/avr5/memx-const\libgcc.a(_udivmodhi4.o)
 .text.libgcc.mul
                0x0000000000000000        0x0 c:/program files/microchip/xc8/v2.31/avr/bin/../lib/gcc/avr/5.4.0/avr5/memx-const\libgcc.a(_udivmodhi4.o)
 .text.libgcc.div
                0x0000000000000000       0x28 c:/program files/microchip/xc8/v2.31/avr/bin/../lib/gcc/avr/5.4.0/avr5/memx-const\libgcc.a(_udivmodhi4.o)
 .text.libgcc   0x0000000000000000        0x0 c:/program files/microchip/xc8/v2.31/avr/bin/../lib/gcc/avr/5.4.0/avr5/memx-const\libgcc.a(_udivmodhi4.o)
 .text.libgcc.prologue
                0x0000000000000000        0x0 c:/program files/microchip/xc8/v2.31/avr/bin/../lib/gcc/avr/5.4.0/avr5/memx-const\libgcc.a(_udivmodhi4.o)
 .text.libgcc.builtins
                0x0000000000000000        0x0 c:/program files/microchip/xc8/v2.31/avr/bin/../lib/gcc/avr/5.4.0/avr5/memx-const\libgcc.a(_udivmodhi4.o)
 .text.libgcc.fmul
                0x0000000000000000        0x0 c:/program files/microchip/xc8/v2.31/avr/bin/../lib/gcc/avr/5.4.0/avr5/memx-const\libgcc.a(_udivmodhi4.o)
 .text.libgcc.fixed
                0x0000000000000000        0x0 c:/program files/microchip/xc8/v2.31/avr/bin/../lib/gcc/avr/5.4.0/avr5/memx-const\libgcc.a(_udivmodhi4.o)
 .text          0x0000000000000000        0x0 c:/program files/microchip/xc8/v2.31/avr/bin/../lib/gcc/avr/5.4.0/avr5/memx-const\libgcc.a(_udivmodsi4.o)
 .data          0x0000000000000000        0x0 c:/program files/microchip/xc8/v2.31/avr/bin/../lib/gcc/avr/5.4.0/avr5/memx-const\libgcc.a(_udivmodsi4.o)
 .bss           0x0000000000000000        0x0 c:/program files/microchip/xc8/v2.31/avr/bin/../lib/gcc/avr/5.4.0/avr5/memx-const\libgcc.a(_udivmodsi4.o)
 .text.libgcc.mul
                0x0000000000000000        0x0 c:/program files/microchip/xc8/v2.31/avr/bin/../lib/gcc/avr/5.4.0/avr5/memx-const\libgcc.a(_udivmodsi4.o)
 .text.libgcc   0x0000000000000000        0x0 c:/program files/microchip/xc8/v2.31/avr/bin/../lib/gcc/avr/5.4.0/avr5/memx-const\libgcc.a(_udivmodsi4.o)
 .text.libgcc.prologue
                0x0000000000000000        0x0 c:/program files/microchip/xc8/v2.31/avr/bin/../lib/gcc/avr/5.4.0/avr5/memx-const\libgcc.a(_udivmodsi4.o)
 .text.libgcc.builtins
                0x0000000000000000        0x0 c:/program files/microchip/xc8/v2.31/avr/bin/../lib/gcc/avr/5.4.0/avr5/memx-const\libgcc.a(_udivmodsi4.o)
 .text.libgcc.fmul
                0x0000000000000000        0x0 c:/program files/microchip/xc8/v2.31/avr/bin/../lib/gcc/avr/5.4.0/avr5/memx-const\libgcc.a(_udivmodsi4.o)
 .text.libgcc.fixed
                0x0000000000000000        0x0 c:/program files/microchip/xc8/v2.31/avr/bin/../lib/gcc/avr/5.4.0/avr5/memx-const\libgcc.a(_udivmodsi4.o)
 .text          0x0000000000000000        0x0 c:/program files/microchip/xc8/v2.31/avr/bin/../lib/gcc/avr/5.4.0/avr5/memx-const\libgcc.a(_umulhisi3.o)
 .data          0x0000000000000000        0x0 c:/program files/microchip/xc8/v2.31/avr/bin/../lib/gcc/avr/5.4.0/avr5/memx-const\libgcc.a(_umulhisi3.o)
 .bss           0x0000000000000000        0x0 c:/program files/microchip/xc8/v2.31/avr/bin/../lib/gcc/avr/5.4.0/avr5/memx-const\libgcc.a(_umulhisi3.o)
 .text.libgcc.div
                0x0000000000000000        0x0 c:/program files/microchip/xc8/v2.31/avr/bin/../lib/gcc/avr/5.4.0/avr5/memx-const\libgcc.a(_umulhisi3.o)
 .text.libgcc   0x0000000000000000        0x0 c:/program files/microchip/xc8/v2.31/avr/bin/../lib/gcc/avr/5.4.0/avr5/memx-const\libgcc.a(_umulhisi3.o)
 .text.libgcc.prologue
                0x0000000000000000        0x0 c:/program files/microchip/xc8/v2.31/avr/bin/../lib/gcc/avr/5.4.0/avr5/memx-const\libgcc.a(_umulhisi3.o)
 .text.libgcc.builtins
                0x0000000000000000        0x0 c:/program files/microchip/xc8/v2.31/avr/bin/../lib/gcc/avr/5.4.0/avr5/memx-const\libgcc.a(_umulhisi3.o)
 .text.libgcc.fmul
                0x0000000000000000        0x0 c:/program files/microchip/xc8/v2.31/avr/bin/../lib/gcc/avr/5.4.0/avr5/memx-const\libgcc.a(_umulhisi3.o)
 .text.libgcc.fixed
                0x0000000000000000        0x0 c:/program files/microchip/xc8/v2.31/avr/bin/../lib/gcc/avr/5.4.0/avr5/memx-const\libgcc.a(_umulhisi3.o)

Memory Configuration

Name             Origin             Length             Attributes
text             0x0000000000000000 0x0000000000008000 xr
data             0x0000000000800060 0x0000000000000800 rw !x
eeprom           0x0000000000810000 0x0000000000000400 rw !x
fuse             0x0000000000820000 0x0000000000000002 rw !x
lock             0x0000000000830000 0x0000000000000400 rw !x
signature        0x0000000000840000 0x0000000000000400 rw !x
user_signatures  0x0000000000850000 0x0000000000000400 rw !x
*default*        0x0000000000000000 0xffffffffffffffff

Linker script and memory map

LOAD C:/Program Files (x86)/Atmel/Studio/7.0/Packs/atmel/ATmega_DFP/1.6.364/xc8/avr/lib/avr5/memx-const/crtatmega32a.o
LOAD APP/PWM_Drawer.o
LOAD HAL/GLCD/static/GLCD.o
LOAD HAL/LCD/static/LCD.o
LOAD main.o
LOAD MCAL/DIO/DIO.o
LOAD MCAL/GPT/config/GPT_Lconfig.o
LOAD MCAL/GPT/static/GPT.o
LOAD MCAL/ICU/config/ICU_Lconfig.o
LOAD MCAL/ICU/static/ICU.o
LOAD MCAL/PWM/config/PWM_Lconfig.o
LOAD MCAL/PWM/static/PWM.o
START GROUP
LOAD c:/program files/microchip/xc8/v2.31/avr/bin/../lib/gcc/avr/5.4.0/../../../../avr/lib/avr5/memx-const\libm.a
END GROUP
START GROUP
LOAD c:/program files/microchip/xc8/v2.31/avr/bin/../lib/gcc/avr/5.4.0/avr5/memx-const\libgcc.a
LOAD c:/program files/microchip/xc8/v2.31/avr/bin/../lib/gcc/avr/5.4.0/../../../../avr/lib/avr5/memx-const\libm.a
LOAD c:/program files/microchip/xc8/v2.31/avr/bin/../lib/gcc/avr/5.4.0/../../../../avr/lib/avr5/memx-const\libc.a
LOAD C:/Program Files (x86)/Atmel/Studio/7.0/Packs/atmel/ATmega_DFP/1.6.364/xc8/avr/lib/avr5/memx-const\libatmega32a.a
END GROUP
                [0x0000000000000000]                __TEXT_REGION_ORIGIN__ = DEFINED (__TEXT_REGION_ORIGIN__)?__TEXT_REGION_ORIGIN__:0x0
                [0x0000000000800060]                __DATA_REGION_ORIGIN__ = DEFINED (__DATA_REGION_ORIGIN__)?__DATA_REGION_ORIGIN__:0x800060
                [0x0000000000008000]                __TEXT_REGION_LENGTH__ = DEFINED (__TEXT_REGION_LENGTH__)?__TEXT_REGION_LENGTH__:0x20000
                [0x0000000000000800]                __DATA_REGION_LENGTH__ = DEFINED (__DATA_REGION_LENGTH__)?__DATA_REGION_LENGTH__:0xffa0
                [0x0000000000000400]                __EEPROM_REGION_LENGTH__ = DEFINED (__EEPROM_REGION_LENGTH__)?__EEPROM_REGION_LENGTH__:0x10000
                [0x0000000000000002]                __FUSE_REGION_LENGTH__ = DEFINED (__FUSE_REGION_LENGTH__)?__FUSE_REGION_LENGTH__:0x400
                0x0000000000000400                __LOCK_REGION_LENGTH__ = DEFINED (__LOCK_REGION_LENGTH__)?__LOCK_REGION_LENGTH__:0x400
                0x0000000000000400                __SIGNATURE_REGION_LENGTH__ = DEFINED (__SIGNATURE_REGION_LENGTH__)?__SIGNATURE_REGION_LENGTH__:0x400
                0x0000000000000400                __USER_SIGNATURE_REGION_LENGTH__ = DEFINED (__USER_SIGNATURE_REGION_LENGTH__)?__USER_SIGNATURE_REGION_LENGTH__:0x400

.hash
 *(.hash)

.dynsym
 *(.dynsym)

.dynstr
 *(.dynstr)

.gnu.version
 *(.gnu.version)

.gnu.version_d
 *(.gnu.version_d)

.gnu.version_r
 *(.gnu.version_r)

.rel.init
 *(.rel.init)

.rela.init
 *(.rela.init)

.rel.text
 *(.rel.text)
 *(.rel.text.*)
 *(.rel.gnu.linkonce.t*)

.rela.text
 *(.rela.text)
 *(.rela.text.*)
 *(.rela.gnu.linkonce.t*)

.rel.fini
 *(.rel.fini)

.rela.fini
 *(.rela.fini)

.rel.rodata
 *(.rel.rodata)
 *(.rel.rodata.*)
 *(.rel.gnu.linkonce.r*)

.rela.rodata
 *(.rela.rodata)
 *(.rela.rodata.*)
 *(.rela.gnu.linkonce.r*)

.rel.data
 *(.rel.data)
 *(.rel.data.*)
 *(.rel.gnu.linkonce.d*)

.rela.data
 *(.rela.data)
 *(.rela.data.*)
 *(.rela.gnu.linkonce.d*)

.rel.ctors
 *(.rel.ctors)

.rela.ctors
 *(.rela.ctors)

.rel.dtors
 *(.rel.dtors)

.rela.dtors
 *(.rela.dtors)

.rel.got
 *(.rel.got)

.rela.got
 *(.rela.got)

.rel.bss
 *(.rel.bss)

.rela.bss
 *(.rela.bss)

.rel.plt
 *(.rel.plt)

.rela.plt
 *(.rela.plt)

.text           0x0000000000000000      0x164
 *(.vectors)
 .vectors       0x0000000000000000       0x54 C:/Program Files (x86)/Atmel/Studio/7.0/Packs/atmel/ATmega_DFP/1.6.364/xc8/avr/lib/avr5/memx-const/crtatmega32a.o
                0x0000000000000000                __vector_default
                0x0000000000000000                __vectors
 *(.vectors)
 *(.progmem.gcc*)
 .progmem.gcc_sw_table.GLCD_DisplayCharacter
                0x0000000000000054       0xb6 HAL/GLCD/static/GLCD.o
 *(.dinit)
 .dinit         0x000000000000010a        0x5 data_init
                0x0000000000000110                . = ALIGN (0x2)
 *fill*         0x000000000000010f        0x1 
                0x0000000000000110                __trampolines_start = .
 *(.trampolines)
 .trampolines   0x0000000000000110        0x0 linker stubs
 *(.trampolines*)
                0x0000000000000110                __trampolines_end = .
 *libprintf_flt.a:*(.progmem.data)
 *libc.a:*(.progmem.data)
                0x0000000000000110                . = ALIGN (0x2)
 *(.jumptables)
 *(.jumptables*)
 *(.lowtext)
 *(.lowtext*)
                0x0000000000000110                __ctors_start = .
 *(.ctors)
                0x0000000000000110                __ctors_end = .
                0x0000000000000110                __dtors_start = .
 *(.dtors)
                0x0000000000000110                __dtors_end = .
 SORT(*)(.ctors)
 SORT(*)(.dtors)
 *(.init0)
 .init0         0x0000000000000110        0x0 C:/Program Files (x86)/Atmel/Studio/7.0/Packs/atmel/ATmega_DFP/1.6.364/xc8/avr/lib/avr5/memx-const/crtatmega32a.o
                0x0000000000000110                __init
 *(.init0)
 *(.init1)
 *(.init1)
 *(.init2)
 .init2         0x0000000000000110        0xc C:/Program Files (x86)/Atmel/Studio/7.0/Packs/atmel/ATmega_DFP/1.6.364/xc8/avr/lib/avr5/memx-const/crtatmega32a.o
 *(.init2)
 *(.init3)
 *(.init3)
 *(.init4)
 .init4         0x000000000000011c       0x3c c:/program files/microchip/xc8/v2.31/avr/bin/../lib/gcc/avr/5.4.0/avr5/memx-const\libgcc.a(_copy_data.o)
                0x000000000000011c                __do_copy_data
                0x000000000000014a                __do_clear_bss
 *(.init4)
 *(.init5)
 *(.init5)
 *(.init6)
 *(.init6)
 *(.init7)
 *(.init7)
 *(.init8)
 *(.init8)
 *(.init9)
 .init9         0x0000000000000158        0x8 C:/Program Files (x86)/Atmel/Studio/7.0/Packs/atmel/ATmega_DFP/1.6.364/xc8/avr/lib/avr5/memx-const/crtatmega32a.o
 *(.init9)
                0x0000000000000160                . = ALIGN (0x2)
 *(.fini9)
 .fini9         0x0000000000000160        0x0 c:/program files/microchip/xc8/v2.31/avr/bin/../lib/gcc/avr/5.4.0/avr5/memx-const\libgcc.a(_exit.o)
                0x0000000000000160                _exit
                0x0000000000000160                exit
 *(.fini9)
 *(.fini8)
 *(.fini8)
 *(.fini7)
 *(.fini7)
 *(.fini6)
 *(.fini6)
 *(.fini5)
 *(.fini5)
 *(.fini4)
 *(.fini4)
 *(.fini3)
 *(.fini3)
 *(.fini2)
 *(.fini2)
 *(.fini1)
 *(.fini1)
 *(.fini0)
 .fini0         0x0000000000000160        0x4 c:/program files/microchip/xc8/v2.31/avr/bin/../lib/gcc/avr/5.4.0/avr5/memx-const\libgcc.a(_exit.o)
 *(.fini0)
                0x0000000000000164                _etext = .

.data           0x0000000000800060        0x0 load address 0x0000000000000164
                [!provide]                        PROVIDE (__data_start, .)
 *(.gnu.linkonce.d*)
 *(.gnu.linkonce.r*)
                0x0000000000800060                . = ALIGN (0x2)
                0x0000000000800060                _edata = .
                [!provide]                        PROVIDE (__data_end, .)

.bss            0x0000000000800060        0x0
                [!provide]                        PROVIDE (__bss_start, .)
 *(COMMON)
                [!provide]                        PROVIDE (__bss_end, .)
                0x0000000000000164                __data_load_start = LOADADDR (.data)
                0x0000000000000164                __data_load_end = (__data_load_start + SIZEOF (.data))

.noinit         0x0000000000800060        0x0
                [!provide]                        PROVIDE (__noinit_start, .)
 *(.noinit*)
                [!provide]                        PROVIDE (__noinit_end, .)
                0x0000000000800060                _end = .

.eeprom         0x0000000000810000        0x0
 *(.eeprom*)
                0x0000000000810000                __eeprom_end = .

.fuse
 *(.fuse)
 *(.lfuse)
 *(.hfuse)
 *(.efuse)

.lock
 *(.lock*)

.signature
 *(.signature*)

.user_signatures
 *(.user_signatures*)

.stab
 *(.stab)

.stabstr
 *(.stabstr)

.stab.excl
 *(.stab.excl)

.stab.exclstr
 *(.stab.exclstr)

.stab.index
 *(.stab.index)

.stab.indexstr
 *(.stab.indexstr)

.comment        0x0000000000000000       0x2f
 *(.comment)
 .comment       0x0000000000000000       0x2f APP/PWM_Drawer.o
                                         0x30 (size before relaxing)
 .comment       0x000000000000002f       0x30 HAL/GLCD/static/GLCD.o
 .comment       0x000000000000002f       0x30 main.o
 .comment       0x000000000000002f       0x30 MCAL/DIO/DIO.o
 .comment       0x000000000000002f       0x30 MCAL/ICU/config/ICU_Lconfig.o
 .comment       0x000000000000002f       0x30 MCAL/ICU/static/ICU.o
 .comment       0x000000000000002f       0x30 MCAL/PWM/config/PWM_Lconfig.o
 .comment       0x000000000000002f       0x30 MCAL/PWM/static/PWM.o

.note.gnu.build-id
 *(.note.gnu.build-id)

.debug
 *(.debug)

.line
 *(.line)

.debug_srcinfo
 *(.debug_srcinfo)

.debug_sfnames
 *(.debug_sfnames)

.debug_aranges  0x0000000000000000      0x218
 *(.debug_aranges)
 .debug_aranges
                0x0000000000000000       0x30 APP/PWM_Drawer.o
 .debug_aranges
                0x0000000000000030       0x78 HAL/GLCD/static/GLCD.o
 .debug_aranges
                0x00000000000000a8       0x20 main.o
 .debug_aranges
                0x00000000000000c8       0x88 MCAL/DIO/DIO.o
 .debug_aranges
                0x0000000000000150       0x18 MCAL/ICU/config/ICU_Lconfig.o
 .debug_aranges
                0x0000000000000168       0x58 MCAL/ICU/static/ICU.o
 .debug_aranges
                0x00000000000001c0       0x18 MCAL/PWM/config/PWM_Lconfig.o
 .debug_aranges
                0x00000000000001d8       0x40 MCAL/PWM/static/PWM.o

.debug_pubnames
 *(.debug_pubnames)

.debug_info     0x0000000000000000     0x46ec
 *(.debug_info .gnu.linkonce.wi.*)
 .debug_info    0x0000000000000000      0x4e6 C:/Program Files (x86)/Atmel/Studio/7.0/Packs/atmel/ATmega_DFP/1.6.364/xc8/avr/lib/avr5/memx-const/crtatmega32a.o
 .debug_info    0x00000000000004e6      0x9e9 APP/PWM_Drawer.o
 .debug_info    0x0000000000000ecf     0x10a1 HAL/GLCD/static/GLCD.o
 .debug_info    0x0000000000001f70      0x4a0 main.o
 .debug_info    0x0000000000002410      0xa5f MCAL/DIO/DIO.o
 .debug_info    0x0000000000002e6f      0x4c7 MCAL/ICU/config/ICU_Lconfig.o
 .debug_info    0x0000000000003336      0x8db MCAL/ICU/static/ICU.o
 .debug_info    0x0000000000003c11      0x445 MCAL/PWM/config/PWM_Lconfig.o
 .debug_info    0x0000000000004056      0x696 MCAL/PWM/static/PWM.o

.debug_abbrev   0x0000000000000000      0xd42
 *(.debug_abbrev)
 .debug_abbrev  0x0000000000000000      0x4a3 C:/Program Files (x86)/Atmel/Studio/7.0/Packs/atmel/ATmega_DFP/1.6.364/xc8/avr/lib/avr5/memx-const/crtatmega32a.o
 .debug_abbrev  0x00000000000004a3      0x15c APP/PWM_Drawer.o
 .debug_abbrev  0x00000000000005ff      0x1a1 HAL/GLCD/static/GLCD.o
 .debug_abbrev  0x00000000000007a0      0x139 main.o
 .debug_abbrev  0x00000000000008d9      0x14d MCAL/DIO/DIO.o
 .debug_abbrev  0x0000000000000a26       0x74 MCAL/ICU/config/ICU_Lconfig.o
 .debug_abbrev  0x0000000000000a9a      0x16e MCAL/ICU/static/ICU.o
 .debug_abbrev  0x0000000000000c08       0x49 MCAL/PWM/config/PWM_Lconfig.o
 .debug_abbrev  0x0000000000000c51       0xf1 MCAL/PWM/static/PWM.o

.debug_line     0x0000000000000000     0x127a
 *(.debug_line .debug_line.* .debug_line_end)
 .debug_line    0x0000000000000000      0x119 C:/Program Files (x86)/Atmel/Studio/7.0/Packs/atmel/ATmega_DFP/1.6.364/xc8/avr/lib/avr5/memx-const/crtatmega32a.o
 .debug_line    0x0000000000000119      0x271 APP/PWM_Drawer.o
 .debug_line    0x000000000000038a      0x5b9 HAL/GLCD/static/GLCD.o
 .debug_line    0x0000000000000943      0x124 main.o
 .debug_line    0x0000000000000a67      0x2f7 MCAL/DIO/DIO.o
 .debug_line    0x0000000000000d5e       0x5a MCAL/ICU/config/ICU_Lconfig.o
 .debug_line    0x0000000000000db8      0x21b MCAL/ICU/static/ICU.o
 .debug_line    0x0000000000000fd3       0x5a MCAL/PWM/config/PWM_Lconfig.o
 .debug_line    0x000000000000102d      0x24d MCAL/PWM/static/PWM.o

.debug_frame    0x0000000000000000      0x5a4
 *(.debug_frame)
 .debug_frame   0x0000000000000000       0xc0 APP/PWM_Drawer.o
 .debug_frame   0x00000000000000c0      0x1a0 HAL/GLCD/static/GLCD.o
 .debug_frame   0x0000000000000260       0x34 main.o
 .debug_frame   0x0000000000000294      0x14c MCAL/DIO/DIO.o
 .debug_frame   0x00000000000003e0       0xf4 MCAL/ICU/static/ICU.o
 .debug_frame   0x00000000000004d4       0xd0 MCAL/PWM/static/PWM.o

.debug_str      0x0000000000000000      0x347
 *(.debug_str)
 .debug_str     0x0000000000000000      0x196 C:/Program Files (x86)/Atmel/Studio/7.0/Packs/atmel/ATmega_DFP/1.6.364/xc8/avr/lib/avr5/memx-const/crtatmega32a.o
 .debug_str     0x0000000000000196       0xb9 APP/PWM_Drawer.o
 .debug_str     0x000000000000024f       0x44 HAL/GLCD/static/GLCD.o
 .debug_str     0x0000000000000293       0x3c main.o
 .debug_str     0x00000000000002cf       0x25 MCAL/DIO/DIO.o
 .debug_str     0x00000000000002f4        0x0 MCAL/ICU/config/ICU_Lconfig.o
 .debug_str     0x00000000000002f4       0x2f MCAL/ICU/static/ICU.o
 .debug_str     0x0000000000000323        0x0 MCAL/PWM/config/PWM_Lconfig.o
 .debug_str     0x0000000000000323       0x24 MCAL/PWM/static/PWM.o

.debug_loc      0x0000000000000000     0x1efb
 *(.debug_loc)
 .debug_loc     0x0000000000000000      0x2af APP/PWM_Drawer.o
 .debug_loc     0x00000000000002af      0x9f1 HAL/GLCD/static/GLCD.o
 .debug_loc     0x0000000000000ca0       0x65 main.o
 .debug_loc     0x0000000000000d05      0x85d MCAL/DIO/DIO.o
 .debug_loc     0x0000000000001562      0x3a8 MCAL/ICU/static/ICU.o
 .debug_loc     0x000000000000190a      0x5f1 MCAL/PWM/static/PWM.o

.debug_macinfo
 *(.debug_macinfo)

.debug_weaknames
 *(.debug_weaknames)

.debug_funcnames
 *(.debug_funcnames)

.debug_typenames
 *(.debug_typenames)

.debug_varnames
 *(.debug_varnames)

.debug_pubtypes
 *(.debug_pubtypes)

.debug_ranges   0x0000000000000000      0x188
 *(.debug_ranges)
 .debug_ranges  0x0000000000000000       0x20 APP/PWM_Drawer.o
 .debug_ranges  0x0000000000000020       0x68 HAL/GLCD/static/GLCD.o
 .debug_ranges  0x0000000000000088       0x10 main.o
 .debug_ranges  0x0000000000000098       0x78 MCAL/DIO/DIO.o
 .debug_ranges  0x0000000000000110       0x48 MCAL/ICU/static/ICU.o
 .debug_ranges  0x0000000000000158       0x30 MCAL/PWM/static/PWM.o

.debug_macro
 *(.debug_macro)
OUTPUT(PWM_Drawer.elf elf32-avr)
LOAD linker stubs
LOAD data_init

.note.gnu.avr.deviceinfo
                0x0000000000000000       0x3c
 .note.gnu.avr.deviceinfo
                0x0000000000000000       0x3c C:/Program Files (x86)/Atmel/Studio/7.0/Packs/atmel/ATmega_DFP/1.6.364/xc8/avr/lib/avr5/memx-const/crtatmega32a.o

.bss.gu8_Curr_Page
                0x0000000000800062        0x1
 .bss.gu8_Curr_Page
                0x0000000000800062        0x1 HAL/GLCD/static/GLCD.o
                0x0000000000800062                gu8_Curr_Page

.bss.gu8_Curr_Y_Address
                0x0000000000800063        0x1
 .bss.gu8_Curr_Y_Address
                0x0000000000800063        0x1 HAL/GLCD/static/GLCD.o
                0x0000000000800063                gu8_Curr_Y_Address

.bss.gu8_Curr_X_Address
                0x0000000000800064        0x1
 .bss.gu8_Curr_X_Address
                0x0000000000800064        0x1 HAL/GLCD/static/GLCD.o
                0x0000000000800064                gu8_Curr_X_Address

.bss.gu16_PWM_TimerTopValue
                0x0000000000800060        0x2
 .bss.gu16_PWM_TimerTopValue
                0x0000000000800060        0x2 MCAL/PWM/static/PWM.o
                0x0000000000800060                gu16_PWM_TimerTopValue

.progmemx.data  0x0000000000000164       0x3d
 .progmemx.data
                0x0000000000000164       0x3d APP/PWM_Drawer.o

.progmemx.data.gaStrPWM_Config
                0x00000000000001a1        0x9
 .progmemx.data.gaStrPWM_Config
                0x00000000000001a1        0x9 MCAL/PWM/config/PWM_Lconfig.o
                0x00000000000001a1                gaStrPWM_Config

.progmemx.data.gStrICU_Config
                0x00000000000001aa        0x4
 .progmemx.data.gStrICU_Config
                0x00000000000001aa        0x4 MCAL/ICU/config/ICU_Lconfig.o
                0x00000000000001aa                gStrICU_Config

.text.GLCD_DisplayCharacter
                0x00000000000001ae      0x330
 .text.GLCD_DisplayCharacter
                0x00000000000001ae      0x330 HAL/GLCD/static/GLCD.o
                0x00000000000001ae                GLCD_DisplayCharacter

.text.PWM_InitTimer1
                0x00000000000004de      0x306
 .text.PWM_InitTimer1
                0x00000000000004de      0x306 MCAL/PWM/static/PWM.o
                0x00000000000004de                PWM_InitTimer1

.text.PWMDrawer_DrawSignal
                0x00000000000007e4      0x2ca
 .text.PWMDrawer_DrawSignal
                0x00000000000007e4      0x2ca APP/PWM_Drawer.o
                0x00000000000007e4                PWMDrawer_DrawSignal

.text.ICU_GetDutyCycle_Timer1
                0x0000000000000aae      0x14e
 .text.ICU_GetDutyCycle_Timer1
                0x0000000000000aae      0x14e MCAL/ICU/static/ICU.o
                0x0000000000000aae                ICU_GetDutyCycle_Timer1

.text.PWM_InitTimer0
                0x0000000000000bfc      0x132
 .text.PWM_InitTimer0
                0x0000000000000bfc      0x132 MCAL/PWM/static/PWM.o
                0x0000000000000bfc                PWM_InitTimer0

.text.PWM_InitTimer2
                0x0000000000000d2e      0x110
 .text.PWM_InitTimer2
                0x0000000000000d2e      0x110 MCAL/PWM/static/PWM.o
                0x0000000000000d2e                PWM_InitTimer2

.text.PWMDrawer_MeasureSignal
                0x0000000000000e3e       0xe2
 .text.PWMDrawer_MeasureSignal
                0x0000000000000e3e       0xe2 APP/PWM_Drawer.o
                0x0000000000000e3e                PWMDrawer_MeasureSignal

.text.avrlibc.fplib
                0x0000000000000f20       0xde
 .text.avrlibc.fplib
                0x0000000000000f20       0xde c:/program files/microchip/xc8/v2.31/avr/bin/../lib/gcc/avr/5.4.0/../../../../avr/lib/avr5/memx-const\libm.a(divsf3x.o)
                0x0000000000000f20                __divsf3x
                0x0000000000000f48                __divsf3_pse

.text.avrlibc.fplib
                0x0000000000000ffe       0xd4
 .text.avrlibc.fplib
                0x0000000000000ffe       0xd4 c:/program files/microchip/xc8/v2.31/avr/bin/../lib/gcc/avr/5.4.0/../../../../avr/lib/avr5/memx-const\libm.a(mulsf3x.o)
                0x0000000000000ffe                __mulsf3x
                0x0000000000001024                __mulsf3_pse

.text.avrlibc.fplib
                0x00000000000010d2       0xce
 .text.avrlibc.fplib
                0x00000000000010d2       0xce c:/program files/microchip/xc8/v2.31/avr/bin/../lib/gcc/avr/5.4.0/../../../../avr/lib/avr5/memx-const\libm.a(addsf3x.o)
                0x00000000000010d2                __addsf3x

.text.GLCD_DisplayInteger
                0x00000000000011a0       0xaa
 .text.GLCD_DisplayInteger
                0x00000000000011a0       0xaa HAL/GLCD/static/GLCD.o
                0x00000000000011a0                GLCD_DisplayInteger

.text.GLCD_DisplaySpecialPattern
                0x000000000000124a       0xa6
 .text.GLCD_DisplaySpecialPattern
                0x000000000000124a       0xa6 HAL/GLCD/static/GLCD.o
                0x000000000000124a                GLCD_DisplaySpecialPattern

.text.DIO_ObtainRegister
                0x00000000000012f0       0xa6
 .text.DIO_ObtainRegister
                0x00000000000012f0       0xa6 MCAL/DIO/DIO.o

.text.GLCD_DisplayFloatingPoint
                0x0000000000001396       0x9a
 .text.GLCD_DisplayFloatingPoint
                0x0000000000001396       0x9a HAL/GLCD/static/GLCD.o
                0x0000000000001396                GLCD_DisplayFloatingPoint

.text.GLCD_Init
                0x0000000000001430       0x86
 .text.GLCD_Init
                0x0000000000001430       0x86 HAL/GLCD/static/GLCD.o
                0x0000000000001430                GLCD_Init

.text.avrlibc.fplib
                0x00000000000014b6       0x7a
 .text.avrlibc.fplib
                0x00000000000014b6       0x7a c:/program files/microchip/xc8/v2.31/avr/bin/../lib/gcc/avr/5.4.0/../../../../avr/lib/avr5/memx-const\libm.a(floatsisf.o)
                0x00000000000014b6                __floatunsisf
                0x00000000000014ba                __floatsisf

.text.ICU_InitTimer1
                0x0000000000001530       0x78
 .text.ICU_InitTimer1
                0x0000000000001530       0x78 MCAL/ICU/static/ICU.o
                0x0000000000001530                ICU_InitTimer1

.text.GLCD_SelectPage
                0x00000000000015a8       0x68
 .text.GLCD_SelectPage
                0x00000000000015a8       0x68 HAL/GLCD/static/GLCD.o
                0x00000000000015a8                GLCD_SelectPage

.text.main      0x0000000000001610       0x62
 .text.main     0x0000000000001610       0x62 main.o
                0x0000000000001610                main

.text.avrlibc.fplib
                0x0000000000001672       0x5e
 .text.avrlibc.fplib
                0x0000000000001672       0x5e c:/program files/microchip/xc8/v2.31/avr/bin/../lib/gcc/avr/5.4.0/../../../../avr/lib/avr5/memx-const\libm.a(fixunssfsi.o)
                0x0000000000001672                __fixunssfsi

.text.DIO_SetPinDirection
                0x00000000000016d0       0x4e
 .text.DIO_SetPinDirection
                0x00000000000016d0       0x4e MCAL/DIO/DIO.o
                0x00000000000016d0                DIO_SetPinDirection

.text.DIO_WritePin
                0x000000000000171e       0x4e
 .text.DIO_WritePin
                0x000000000000171e       0x4e MCAL/DIO/DIO.o
                0x000000000000171e                DIO_WritePin

.text.GLCD_ClearDisplay
                0x000000000000176c       0x4c
 .text.GLCD_ClearDisplay
                0x000000000000176c       0x4c HAL/GLCD/static/GLCD.o
                0x000000000000176c                GLCD_ClearDisplay

.text.avrlibc.fplib
                0x00000000000017b8       0x44
 .text.avrlibc.fplib
                0x00000000000017b8       0x44 c:/program files/microchip/xc8/v2.31/avr/bin/../lib/gcc/avr/5.4.0/../../../../avr/lib/avr5/memx-const\libm.a(fp_split3.o)
                0x00000000000017b8                __fp_split3
                0x00000000000017c8                __fp_splitA

.text.libgcc.div
                0x00000000000017fc       0x44
 .text.libgcc.div
                0x00000000000017fc       0x44 c:/program files/microchip/xc8/v2.31/avr/bin/../lib/gcc/avr/5.4.0/avr5/memx-const\libgcc.a(_udivmodsi4.o)
                0x00000000000017fc                __udivmodsi4

.text.GLCD_SendInstruction
                0x0000000000001840       0x40
 .text.GLCD_SendInstruction
                0x0000000000001840       0x40 HAL/GLCD/static/GLCD.o
                0x0000000000001840                GLCD_SendInstruction

.text.GLCD_SendData
                0x0000000000001880       0x40
 .text.GLCD_SendData
                0x0000000000001880       0x40 HAL/GLCD/static/GLCD.o
                0x0000000000001880                GLCD_SendData

.text.libgcc.builtins
                0x00000000000018c0       0x3c
 .text.libgcc.builtins
                0x00000000000018c0       0x3c c:/program files/microchip/xc8/v2.31/avr/bin/../lib/gcc/avr/5.4.0/avr5/memx-const\libgcc.a(_ashrdi3.o)
                0x00000000000018c0                __ashrdi3
                0x00000000000018c4                __lshrdi3

.text.libgcc.div
                0x00000000000018fc       0x2e
 .text.libgcc.div
                0x00000000000018fc       0x2e c:/program files/microchip/xc8/v2.31/avr/bin/../lib/gcc/avr/5.4.0/avr5/memx-const\libgcc.a(_divmodsi4.o)
                0x00000000000018fc                __divmodsi4

.text.PWM_Init  0x000000000000192a       0x2c
 .text.PWM_Init
                0x000000000000192a       0x2c MCAL/PWM/static/PWM.o
                0x000000000000192a                PWM_Init

.text.GLCD_GoToLine
                0x0000000000001956       0x28
 .text.GLCD_GoToLine
                0x0000000000001956       0x28 HAL/GLCD/static/GLCD.o
                0x0000000000001956                GLCD_GoToLine

.text.DIO_SetPortDirection
                0x000000000000197e       0x24
 .text.DIO_SetPortDirection
                0x000000000000197e       0x24 MCAL/DIO/DIO.o
                0x000000000000197e                DIO_SetPortDirection

.text.avrlibc.fplib
                0x00000000000019a2       0x22
 .text.avrlibc.fplib
                0x00000000000019a2       0x22 c:/program files/microchip/xc8/v2.31/avr/bin/../lib/gcc/avr/5.4.0/../../../../avr/lib/avr5/memx-const\libm.a(fp_round.o)
                0x00000000000019a2                __fp_round

.text.libgcc.mul
                0x00000000000019c4       0x20
 .text.libgcc.mul
                0x00000000000019c4       0x20 c:/program files/microchip/xc8/v2.31/avr/bin/../lib/gcc/avr/5.4.0/avr5/memx-const\libgcc.a(_mulsi3.o)
                0x00000000000019c4                __mulsi3

.text.PWMDrawer_Init
                0x00000000000019e4       0x1e
 .text.PWMDrawer_Init
                0x00000000000019e4       0x1e APP/PWM_Drawer.o
                0x00000000000019e4                PWMDrawer_Init

.text.GLCD_Reset
                0x0000000000001a02       0x1e
 .text.GLCD_Reset
                0x0000000000001a02       0x1e HAL/GLCD/static/GLCD.o
                0x0000000000001a02                GLCD_Reset

.text.libgcc.mul
                0x0000000000001a20       0x1e
 .text.libgcc.mul
                0x0000000000001a20       0x1e c:/program files/microchip/xc8/v2.31/avr/bin/../lib/gcc/avr/5.4.0/avr5/memx-const\libgcc.a(_umulhisi3.o)
                0x0000000000001a20                __umulhisi3

.text.ICU_GetStatus
                0x0000000000001a3e       0x1c
 .text.ICU_GetStatus
                0x0000000000001a3e       0x1c MCAL/ICU/static/ICU.o
                0x0000000000001a3e                ICU_GetStatus

.text.GLCD_DisplayString
                0x0000000000001a5a       0x1a
 .text.GLCD_DisplayString
                0x0000000000001a5a       0x1a HAL/GLCD/static/GLCD.o
                0x0000000000001a5a                GLCD_DisplayString

.text.ICU_SetTriggerEdge
                0x0000000000001a74       0x1a
 .text.ICU_SetTriggerEdge
                0x0000000000001a74       0x1a MCAL/ICU/static/ICU.o
                0x0000000000001a74                ICU_SetTriggerEdge

.text.libgcc    0x0000000000001a8e       0x1a
 .text.libgcc   0x0000000000001a8e       0x1a c:/program files/microchip/xc8/v2.31/avr/bin/../lib/gcc/avr/5.4.0/avr5/memx-const\libgcc.a(_movmemx.o)
                0x0000000000001a8e                __movmemx_qi
                0x0000000000001a90                __movmemx_hi

.text.libgcc.mul
                0x0000000000001aa8       0x16
 .text.libgcc.mul
                0x0000000000001aa8       0x16 c:/program files/microchip/xc8/v2.31/avr/bin/../lib/gcc/avr/5.4.0/avr5/memx-const\libgcc.a(_muluhisi3.o)
                0x0000000000001aa8                __muluhisi3

.text.ICU_Init  0x0000000000001abe       0x14
 .text.ICU_Init
                0x0000000000001abe       0x14 MCAL/ICU/static/ICU.o
                0x0000000000001abe                ICU_Init

.text.DIO_WritePort
                0x0000000000001ad2       0x12
 .text.DIO_WritePort
                0x0000000000001ad2       0x12 MCAL/DIO/DIO.o
                0x0000000000001ad2                DIO_WritePort

.text.ICU_GetInputCaptureValue
                0x0000000000001ae4       0x10
 .text.ICU_GetInputCaptureValue
                0x0000000000001ae4       0x10 MCAL/ICU/static/ICU.o
                0x0000000000001ae4                ICU_GetInputCaptureValue

.text.libgcc.div
                0x0000000000001af4       0x10
 .text.libgcc.div
                0x0000000000001af4       0x10 c:/program files/microchip/xc8/v2.31/avr/bin/../lib/gcc/avr/5.4.0/avr5/memx-const\libgcc.a(_negsi2.o)
                0x0000000000001af4                __negsi2

.text.libgcc    0x0000000000001b04       0x10
 .text.libgcc   0x0000000000001b04       0x10 c:/program files/microchip/xc8/v2.31/avr/bin/../lib/gcc/avr/5.4.0/avr5/memx-const\libgcc.a(_xload_2.o)
                0x0000000000001b04                __xload_2

.text.ICU_GetDutyCycle
                0x0000000000001b14        0xe
 .text.ICU_GetDutyCycle
                0x0000000000001b14        0xe MCAL/ICU/static/ICU.o
                0x0000000000001b14                ICU_GetDutyCycle

.text.avrlibc.fplib
                0x0000000000001b22        0xe
 .text.avrlibc.fplib
                0x0000000000001b22        0xe c:/program files/microchip/xc8/v2.31/avr/bin/../lib/gcc/avr/5.4.0/../../../../avr/lib/avr5/memx-const\libm.a(addsf3.o)
                0x0000000000001b22                __subsf3
                0x0000000000001b24                __addsf3

.text.avrlibc.fplib
                0x0000000000001b30        0xe
 .text.avrlibc.fplib
                0x0000000000001b30        0xe c:/program files/microchip/xc8/v2.31/avr/bin/../lib/gcc/avr/5.4.0/../../../../avr/lib/avr5/memx-const\libm.a(fp_pscA.o)
                0x0000000000001b30                __fp_pscA

.text.avrlibc.fplib
                0x0000000000001b3e        0xe
 .text.avrlibc.fplib
                0x0000000000001b3e        0xe c:/program files/microchip/xc8/v2.31/avr/bin/../lib/gcc/avr/5.4.0/../../../../avr/lib/avr5/memx-const\libm.a(fp_pscB.o)
                0x0000000000001b3e                __fp_pscB

.text.avrlibc.fplib
                0x0000000000001b4c        0xe
 .text.avrlibc.fplib
                0x0000000000001b4c        0xe c:/program files/microchip/xc8/v2.31/avr/bin/../lib/gcc/avr/5.4.0/../../../../avr/lib/avr5/memx-const\libm.a(fp_zero.o)
                0x0000000000001b4c                __fp_zero
                0x0000000000001b4e                __fp_szero

.text.avrlibc.fplib
                0x0000000000001b5a        0xc
 .text.avrlibc.fplib
                0x0000000000001b5a        0xc c:/program files/microchip/xc8/v2.31/avr/bin/../lib/gcc/avr/5.4.0/../../../../avr/lib/avr5/memx-const\libm.a(fp_inf.o)
                0x0000000000001b5a                __fp_inf

.text.libgcc    0x0000000000001b66        0xc
 .text.libgcc   0x0000000000001b66        0xc c:/program files/microchip/xc8/v2.31/avr/bin/../lib/gcc/avr/5.4.0/avr5/memx-const\libgcc.a(_tablejump2.o)
                0x0000000000001b66                __tablejump2__

.text.ICU_ClearTimerValue
                0x0000000000001b72        0xa
 .text.ICU_ClearTimerValue
                0x0000000000001b72        0xa MCAL/ICU/static/ICU.o
                0x0000000000001b72                ICU_ClearTimerValue

.text.avrlibc.fplib
                0x0000000000001b7c        0x8
 .text.avrlibc.fplib
                0x0000000000001b7c        0x8 c:/program files/microchip/xc8/v2.31/avr/bin/../lib/gcc/avr/5.4.0/../../../../avr/lib/avr5/memx-const\libm.a(divsf3.o)
                0x0000000000001b7c                __divsf3

.text.avrlibc.fplib
                0x0000000000001b84        0x8
 .text.avrlibc.fplib
                0x0000000000001b84        0x8 c:/program files/microchip/xc8/v2.31/avr/bin/../lib/gcc/avr/5.4.0/../../../../avr/lib/avr5/memx-const\libm.a(mulsf3.o)
                0x0000000000001b84                __mulsf3

.text.avrlibc.fplib
                0x0000000000001b8c        0x6
 .text.avrlibc.fplib
                0x0000000000001b8c        0x6 c:/program files/microchip/xc8/v2.31/avr/bin/../lib/gcc/avr/5.4.0/../../../../avr/lib/avr5/memx-const\libm.a(fp_nan.o)
                0x0000000000001b8c                __fp_nan

.text           0x0000000000001b92        0x4
 .text          0x0000000000001b92        0x4 C:/Program Files (x86)/Atmel/Studio/7.0/Packs/atmel/ATmega_DFP/1.6.364/xc8/avr/lib/avr5/memx-const/crtatmega32a.o
                0x0000000000001b92                __vector_1
                0x0000000000001b92                __vector_12
                0x0000000000001b92                __bad_interrupt
                0x0000000000001b92                __vector_6
                0x0000000000001b92                __vector_3
                0x0000000000001b92                __vector_11
                0x0000000000001b92                __vector_13
                0x0000000000001b92                __vector_17
                0x0000000000001b92                __vector_19
                0x0000000000001b92                __vector_7
                0x0000000000001b92                __vector_5
                0x0000000000001b92                __vector_4
                0x0000000000001b92                __vector_9
                0x0000000000001b92                __vector_2
                0x0000000000001b92                __vector_15
                0x0000000000001b92                __vector_8
                0x0000000000001b92                __vector_14
                0x0000000000001b92                __vector_10
                0x0000000000001b92                __vector_16
                0x0000000000001b92                __vector_18
                0x0000000000001b92                __vector_20
